// Jest Snapshot v1, https://goo.gl/fbAQLP

exports[`Button component should match the snapshot 1`] = `
<div>
  <button
    class="button"
    type="button"
  >
    Click Me
  </button>
</div>
`;
