// Jest Snapshot v1, https://goo.gl/fbAQLP

exports[`Calculator component should match the snapshot 1`] = `
<div>
  <div
    class="container"
  >
    <h1
      class="title"
    >
      Let us do some calculations!!
    </h1>
    <div
      class="calc-grid"
    >
      <div
        class="output"
      >
        <div
          class="curr-operand"
        >
          0
        </div>
      </div>
      <button
        class="blue"
        type="button"
      >
        AC
      </button>
      <button
        class="blue"
        type="button"
      >
        +/-
      </button>
      <button
        class="blue"
        type="button"
      >
        %
      </button>
      <button
        class="bgColor"
        type="button"
      >
        รท
      </button>
      <button
        class="blue"
        type="button"
      >
        7
      </button>
      <button
        class="blue"
        type="button"
      >
        8
      </button>
      <button
        class="blue"
        type="button"
      >
        9
      </button>
      <button
        class="bgColor"
        type="button"
      >
        x
      </button>
      <button
        class="blue"
        type="button"
      >
        4
      </button>
      <button
        class="blue"
        type="button"
      >
        5
      </button>
      <button
        class="blue"
        type="button"
      >
        6
      </button>
      <button
        class="bgColor"
        type="button"
      >
        -
      </button>
      <button
        class="blue"
        type="button"
      >
        1
      </button>
      <button
        class="blue"
        type="button"
      >
        2
      </button>
      <button
        class="blue"
        type="button"
      >
        3
      </button>
      <button
        class="bgColor"
        type="button"
      >
        +
      </button>
      <button
        class="span-2"
        type="button"
      >
        0
      </button>
      <button
        class="blue"
        type="button"
      >
        .
      </button>
      <button
        class="bgColor"
        type="button"
      >
        =
      </button>
    </div>
  </div>
</div>
`;
